Pépin le Bref (752-768)
Carloman (768-771)
Charlemagne (768-814)
Louis le Pieux roi d'Aquitaine (781-814)
Charlemagne (768-814)
Charlemagne (768-814)
Louis le Pieux (814-840)
Pépin I roi d'Aquitaine (817-838)
Lothaire I (817-855)
Louis le Pieux (814-840)
Pépin I roi d'Aquitaine (817-838)
Lothaire I (817-855)
Louis le Pieux (814-840)
Pépin I roi d'Aquitaine (817-838)
Lothaire I (817-855)
Lothaire I (817-855)
Pépin II, roi d'Aquitaine (839-865)
Charles le Chauve (840-877)
Lothaire II roi de Lorraine (855-869)
Charles l'Enfant roi d'Aquitaine (vers 860)
Charles le Chauve (840-877)
Louis le Germanique (840-876)
Louis II le Bègue roi d'Aquitaine (867-877), de France (877-879)
Charles le Chauve (840-877)
Louis II le Bègue (877-879)
Louis le Germanique (870-876)
Louis III (879-882)
Louis le Jeune (879-882)
Carloman (879-884)
Charles le Gros (884-887)
Charles de Provence (876-880)
Boson roi de Provence (879-887)
Eudes (887-898)
Amoul roi de Germanie (887-899)
Gui de Spolète (891-894)
Louis l'Aveugle roi de Provence (890-929)
Zwentibold (894-900)
Lambert empereur (894-898)
Louis III (890-929)
Bérenger I (888-924)
Charles le Simple (898-929)
Louis IV l'Enfant (899-912)
Robert I (922-923)
Henri l'Oiseleur(918-947)
Rodolphe II roi de Bourgogne (922-926)
Hugues de Provence (926-947)
Lothaire d'Italie (931-950)
Raoul (923-936)
Louis IV d'Outre-Mer (936-954)
Otton I (936-973) ou Otton II (973-983) (frappes germaniques pour mémoire)
Conrad le Paciﬁque (937-993)
Bérenger II (950-961)
Adalbert Lothaire (954-986)
Louis V (986-987)
Rodolphe III roi de Bourgogne (993-1032)
