Aix-la-Chapelle (Allemagne)
Amiens (Somme)
Amiens, Saint-Firmin (Somme)
Angers (Maine-et-Loire)
Angers (Mains-et-Loire)
Angoulême (Charente)
Arles (Bouches-du-Rhône)
Besançon (Doubs)
Bingen (Allemagne)
Bourges, Saint-Etienne (Cher)
Cambrai (Nord)
Cambrai, Saint-Géry (Nord)
Chalon-sur-Saône (Saône-et-Loire)
Chartres (Eure-et-Loir)
Chelles (Seine-et-Marne)
Clermont-Ferrand (Puy-de-Dôme)
Clermont-Ferrand, Saint-Cirgue (Puy-de-Dôme)
Condé-sur-L'Escaut (Nord)
Corbie (Somme)
Dax (Landes)
Dorestad (Pays-Bas)
Dun-sur-Meuse (Meuse)
Eri
Gaddo
Gand (Belgique)
Genève (Suisse)
Girone
Herstal
Laon (Aisne)
Laon, Sainte-Marie (Aisne)
Le Mans (Sarthe)
Luitprand
Lyon (Rhône)
Maastricht (Pays-Bas)
Mayence (Allemagne)
Meaux (Seine-et-Marne)
Melle (Deux-Sèvres)
Namur (Belgique)
Nantes (Loire-Atlantique)
Narbonne (Aude)
Nevers (Mièvre)
Noyon (Oise)
Orléans, Saint-Aignan (Loiret)
Orléans, Sainte-Croix (Loiret)
Paris
Quentovic (Pas-de-Calais)
Red
Reims (Marne)
Rennes (Ille-et-Vilaine)
Roland
Roland (monétaire)
Rouen, Saint-Ouen (Seine-Maritime)
Rufach
Saint-Denis (Seine-Saint-Denis)
Saintes (Charente-Maritime)
Soissons (Aisne)
Strasbourg (Bas-Rhin)
Tours Saint-Martin (Indre-et-Loire)
Tours, Saint-Martin (lndre-et-Loire)
Trèves (Allemagne)
Troyes (Aube)
Valenciennes (Nord)
Vénasque (Vaucluse)
Verdun (Meuse)
Zurich (Suisse)
Bénévent (Italie)
Bergame (Italie)
Castel Seprio (Italie)
Coire (Suisse)
Lucques (Italie)
Milan (Italie)
Pavie (Italie)
Ravenne (Italie)
Arras (Pas-de-Calais)
Avignon (Vaucluse)
Avranches (Manche)
Béziers (Hérault)
Blaye, Saint-Romain (Gironde)
Bonn (Allemagne)
Bourges, Saint-Sulpice (Cher)
Cambrai
Saint-Géry (Nord)
Carcassonne (Aude)
Cologne (Allemagne)
Dinant (Belgique)
Florence (Italie)
Gand, Saint-Bavon (Belgique)
Huy (Belgique)
Langres (Haute-Marne)
Liège (Belgique)
Limoges (Haute-Vienne)
Mâcon (Saône-et-Loire)
Mantoue (Italie)
Marseille (Bouches-du-Rhône)
Milan ? (Italie)
Morigny (Manche)
Mouzon (Ardennes)
Odalricus (monétaire)
Paderborn (Allemagne)
Parme (Italie)
Ramerupt (Aube)
Razès
Reims, Sainte-Marie (Marne)
Rome (Italie)
Rouen (Seine-Maritime)
Roye (Somme)
SaintmDenis (Seine-Saint-Denis)
Saint-Maixent (Sarthe)
Saint-Trond (Belgique)
Sens (Yonne)
Thérouanne (Pasnde-Calais)
Tournai (Belgique)
Tours (Indre-et-Loire)
Tours, Saint-Martin (Indre-et-Loire)
Tours, Saint-Maurice (Indre-et-Loire)
Trêves (Allemagne)
Trêves, Saint-Pierre (Allemagne)
Trévise (Italie)
Uzès (Gard)
Venise (Italie)
Walacarius (monétaire)
Agen (Lot-et-Garonne)
Bourges (Cher)
Metallum Novurn
Orléans (Loiret)
Pise (Italie)
Thuin (Belgique)
Toulouse (Haute-Garenne)
Vienne (Isère)
MetallumGerman
Alsheim (Allemagne)
Altenheim (Bas-Rhin)
Toulouse (Haute-Garonne)
Bordeaux Gironde
Cahors (Lot)
Le Palais
Metz (Moselle)
Regensburg (Allemagne)
Sens (Y orme)
Stoutenburg (Pays-Bas)
Auxerre (Yonne)
Beauvais (Oise)
Bergues (Nord)
Bordeaux (Gironde)
Chalonvsur-Saône (Saône-et-Loire)
Châteaudun (Eure-et-Loir)
Compiègne (Oise)
LePalais
Nevers (Nièvre)
Orléans (Loiret)
ParisPoitiers (Vienne)
Tours (lndre-et-Loire)
Vcriasier
Arpajon (Essonne)
Attigny (Ardennes)
Autun (Saône-et-Loire)
Autun, Saint-Andoche (Saône-et-Loire)
Autun, Saint-Nazaire (Saône-et-Loire)
Auxerre (chne)
Avallon (Yonne)
Bar-sur-Aube (Aube)
Bastogne (Belgique)
Bavay (Nord)
Bayeux (Calvados)
Beaune (Côte-d'Or)
Blois (Loir-et-Cher)
Boulogne-sur-Mer (Pas-de-Calais)
Bruges (Belgique)
Casus Eltloi
Châlons-sur-Marne (Marne)
Château-Landon (Seine-et-Marne)
Château-Porcien (Ardennes)
Chelles (Seine-etaMarne)
Chemiré (Sarthe ou Maine-et-Loire)
Chièvres (Belgique)
Condé-sur-I'Escaut (Nord)
Courgeon (Orne)
Courtrai (Belgique)
Coutance (Manche)
Couvin (Belgique)
Crépy-en-Valois (Oise)
Deux-Jumeaux (Calvados)
Dijon (Côte-d'Or)
Eevioicvani
Évreux (Bure)
Famars (Nord)
Gembloux (Belgique)
Ham (Somme)
J'euarre (Seine-et-Marne)
LePalais - Paris
Les Estinnes (Belgique)
Lisieux (Calvados)
Louvain (Belgique)
Maubeuge (Nord)
Mayenne (Mayenne)
Meaux (Seine-et-Mame)
Melun (Seine-et-Mame)
Mont-Lassois (Côte-d'Or)
Morienval (Oise)
Nesle (Somme)
Nivelle (Nord)
ParisPéronne (Somme)
Péronne, Saint-Fursy (Somme)
PierrepOnt (Aisne)
Port-sur-Saône (Haute-Saône)
Rethondes (Oise)
Rullo
Semur-en-Auxois (Côte-d'Or)
Soissons, Saint-Médard (Aisne)
Soissons, Saint-Sébastien (Aisne)
Saint-Omer (Pas-de-Calais)
Saint-Omer, Saint-Bertin (Pas-de-Calais)
Saint-Quentin (Aisne)
Thérouanne (Pas-de-Calais)
Tilly (Eure)
Tipiaco villa
Tonnerre (Yonne)
Toul (Meurthe-et-Moselle)
Triodoro castel
Védrin (Belgique)
Vendôme (Loir-et-Cher)
Vendunis (Belgique)
Visé (Belgique)
erviriaco
Aix-la-Chapelle
Lens (Pas-de-Calais)
Marsal (Moselle)
Mons-en-Baroeul (Nord)
Nimes (Gard)
Perthes (Ardennes)
Pierrepont (Aisne)
Provins (Seine-et-Marne)
Roye (Sormne)
Blois (Loir-ct-Cher)
Castclnau-le-Lez (Hérault)
Rouen (Seine-Maritimc)
Amiens (Sormne)
Chalon-sur-Saône (Saône-et-Loire), Chartres (Eure-et-Loir)
Compiègne' (Oise)
Péronne Saint-Fursy (Somme)
SenlisToulouse (Haute-Garonne)
Maycnce (Allemagne)
Rome (ltalie)
Arles, Saint-Trophime (Bouches-du-Rhône)
Vienne, Saint-Maurice (Isère)
Vérone (Italie)
Beaugency (Loiret)
Brive (Corrèze)
Châteaudun (Bure-et-Loir)
Chinon (Indre-et-Loire)
Constance (Allemagne)
Crandia
Étampes (Essonne)
Iatercis
Lons-le-Saulnier (Jura)
Mis
Sahn (Vosges)
Senlis (Oise)
Wurzbourg (Allemagne)
Aschères (Loiret)
Châlons-sur-Mame (Marne)
Château-Landon (Seine-et-Mame)
Châteauneuf-sur-Loire (Loiret)
Dreux (Eure-et-Loir)
Le Puy (Haute-Loire)
Meaux (Seine-et?Marne)
Nogent-le-Roi (Eure-et-Loir)
Poissy (Yvelines)
Tinpha
Tournus (Saône-et-Loire)
Dortmund (Allemagne)
Mayencc (Allemagne)
Spire (Allemagne)
Orbe (Suisse)
Chaion-sur-Saône (Saône-et-Loire)
Emmaregina
Ioemmur
Laiatnion
Melun (Seine-et-Marne)
Tournus, Saint-Philibert (Saône-et-Loire)
Arles Saint-Etieime (Bouches-du-Rhône)
Bâle (Suisse)
Brioude (Haute-Loire)
Melle Poitou (Deux-Sèvres)
Provins et Sens (Seine-et-Marne)
Rouen, Saint-Maclou (Seine-Maritime)
Rouen Saint-Ouen (Seine-Maritime)
Rouen, Saint-Romain (Seine-Maritime)
Troyes et Meaux (Aube)
Vieime (Isère)
Vienne, Saint-Maurice (lsère)
