Aix-la-Chapelle (Allemagne)
Agen (Lot-et-Garonne)
Aix-la-Chapelle
Alsheim (Allemagne)
Altenheim (Bas-Rhin)
Amiens (Somme)
Amiens, Saint-Firmin (Somme)
Angers (Maine-et-Loire)
Angoulême (Charente)
Arles (Bouches-du-Rhône)
Arles Saint-Etieinne (Bouches-du-Rhône)
Arles, Saint-Trophime (Bouches-du-Rhône)
Arpajon (Essonne)
Arras (Pas-de-Calais)
Aschères (Loiret)
Attigny (Ardennes)
Autun (Saône-et-Loire)
Autun, Saint-Andoche (Saône-et-Loire)
Autun, Saint-Nazaire (Saône-et-Loire)
Auxerre (Yonne)
Avallon (Yonne)
Avignon (Vaucluse)
Avranches (Manche)
Bâle (Suisse)
Bar-sur-Aube (Aube)
Bastogne (Belgique)
Bavay (Nord)
Bayeux (Calvados)
Beaugency (Loiret)
Beaune (Côte-d'Or)
Beauvais (Oise)
Bénévent (Italie)
Bergame (Italie)
Bergues (Nord)
Besançon (Doubs)
Béziers (Hérault)
Bingen (Allemagne)
Blaye, Saint-Romain (Gironde)
Blois (Loir-et-Cher)
Bonn (Allemagne)
Bordeaux (Gironde)
Bordeaux Gironde
Boulogne-sur-Mer (Pas-de-Calais)
Bourges (Cher)
Bourges, Saint-Etienne (Cher)
Bourges, Saint-Sulpice (Cher)
Brioude (Haute-Loire)
Brive (Corrèze)
Bruges (Belgique)
Cahors (Lot)
Cambrai
Cambrai (Nord)
Cambrai, Saint-Géry (Nord)
Carcassonne (Aude)
Castclnau-le-Lez (Hérault)
Castel Seprio (Italie)
Casus Eltloi
Chalon-sur-Saône (Saône-et-Loire)
Chalon-sur-Saône (Saône-et-Loire), Chartres (Eure-et-Loir)
Châlons-sur-Marne (Marne)
Chalon-sur-Saône (Saône-et-Loire)
Chartres (Eure-et-Loir)
Château-Landon (Seine-et-Marne)
Château-Porcien (Ardennes)
Châteaudun (Eure-et-Loir)
Châteauneuf-sur-Loire (Loiret)
Chelles (Seine-et-Marne)
Chemiré (Sarthe ou Maine-et-Loire)
Chièvres (Belgique)
Chinon (Indre-et-Loire)
Clermont-Ferrand (Puy-de-Dôme)
Clermont-Ferrand, Saint-Cirgue (Puy-de-Dôme)
Coire (Suisse)
Cologne (Allemagne)
Compiègne (Oise)
Condé-sur-L'Escaut (Nord)
Constance (Allemagne)
Corbie (Somme)
Courgeon (Orne)
Courtrai (Belgique)
Coutance (Manche)
Couvin (Belgique)
Crandia
Crépy-en-Valois (Oise)
Dax (Landes)
Deux-Jumeaux (Calvados)
Dijon (Côte-d'Or)
Dinant (Belgique)
Dorestad (Pays-Bas)
Dortmund (Allemagne)
Dreux (Eure-et-Loir)
Dun-sur-Meuse (Meuse)
Eevioicvani
Emmaregina
Eri
erviriaco
Étampes (Essonne)
Évreux (Eure)
Famars (Nord)
Florence (Italie)
Gaddo
Gand (Belgique)
Gand, Saint-Bavon (Belgique)
Gembloux (Belgique)
Genève (Suisse)
Girone
Ham (Somme)
Herstal
Huy (Belgique)
Iatercis
Ioemmur
J'euarre (Seine-et-Marne)
Laiatnion
Langres (Haute-Marne)
Laon (Aisne)
Laon, Sainte-Marie (Aisne)
Le Mans (Sarthe)
Le Palais
Le Puy (Haute-Loire)
Lens (Pas-de-Calais)
Les Estinnes (Belgique)
Liège (Belgique)
Limoges (Haute-Vienne)
Lisieux (Calvados)
Lons-le-Saunier (Jura)
Louvain (Belgique)
Lucques (Italie)
Luitprand
Lyon (Rhône)
Maastricht (Pays-Bas)
Mâcon (Saône-et-Loire)
Mantoue (Italie)
Marsal (Moselle)
Marseille (Bouches-du-Rhône)
Maubeuge (Nord)
Mayence (Allemagne)
Mayenne (Mayenne)
Meaux (Seine-et-Mame)
Melle (Deux-Sèvres)
Melle Poitou (Deux-Sèvres)
Melun (Seine-et-Marne)
Metallum Novurn
Metallum German
Metz (Moselle)
Milan ? (Italie)
Milan (Italie)
Mis
Mons-en-Baroeul (Nord)
Mont-Lassois (Côte-d'Or)
Morienval (Oise)
Morigny (Manche)
Mouzon (Ardennes)
Namur (Belgique)
Nantes (Loire-Atlantique)
Narbonne (Aude)
Nesle (Somme)
Nevers (Mièvre)
Nevers (Nièvre)
Nimes (Gard)
Nivelle (Nord)
Nogent-le-Roi (Eure-et-Loir)
Noyon (Oise)
Odalricus (monétaire)
Orbe (Suisse)
Orléans (Loiret)
Orléans, Saint-Aignan (Loiret)
Orléans, Sainte-Croix (Loiret)
Paderborn (Allemagne)
Paris
ParisPéronne (Somme)
ParisPoitiers (Vienne)
Parme (Italie)
Pavie (Italie)
Péronne Saint-Fursy (Somme)
Perthes (Ardennes)
Pierrepont (Aisne)
Pise (Italie)
Poissy (Yvelines)
Port-sur-Saône (Haute-Saône)
Provins (Seine-et-Marne)
Provins et Sens (Seine-et-Marne)
Quentovic (Pas-de-Calais)
Ramerupt (Aube)
Ravenne (Italie)
Razès
Red
Regensburg (Allemagne)
Reims (Marne)
Reims, Sainte-Marie (Marne)
Rennes (Ille-et-Vilaine)
Rethondes (Oise)
Roland
Roland (monétaire)
Rome (Italie)
Rome (ltalie)
Rouen (Seine-Maritime)
Rouen, Saint-Maclou (Seine-Maritime)
Rouen, Saint-Ouen (Seine-Maritime)
Rouen, Saint-Romain (Seine-Maritime)
Roye (Somme)
Rufach
Rullo
Sahn (Vosges)
Saint-Denis (Seine-Saint-Denis)
Saint-Géry (Nord)
Saint-Maixent (Sarthe)
Saint-Omer (Pas-de-Calais)
Saint-Omer, Saint-Bertin (Pas-de-Calais)
Saint-Quentin (Aisne)
Saint-Trond (Belgique)
Saintes (Charente-Maritime)
SaintmDenis (Seine-Saint-Denis)
Semur-en-Auxois (Côte-d'Or)
Senlis (Oise)
SenlisToulouse (Haute-Garonne)
Sens (Y orme)
Sens (Yonne)
Soissons (Aisne)
Soissons, Saint-Médard (Aisne)
Soissons, Saint-Sébastien (Aisne)
Spire (Allemagne)
Stoutenburg (Pays-Bas)
Strasbourg (Bas-Rhin)
Thérouanne (Pas-de-Calais)
Thuin (Belgique)
Tilly (Eure)
Tinpha
Tipiaco villa
Tonnerre (Yonne)
Toul (Meurthe-et-Moselle)
Toulouse (Haute-Garonne)
Tournai (Belgique)
Tournus (Saône-et-Loire)
Tournus, Saint-Philibert (Saône-et-Loire)
Tours (Indre-et-Loire)
Tours Saint-Martin (Indre-et-Loire)
Tours, Saint-Martin (Indre-et-Loire)
Tours, Saint-Maurice (Indre-et-Loire)
Trêves (Allemagne)
Trêves, Saint-Pierre (Allemagne)
Trévise (Italie)
Triodoro castel
Troyes (Aube)
Troyes et Meaux (Aube)
Uzès (Gard)
Valenciennes (Nord)
Vcriasier
Védrin (Belgique)
Vénasque (Vaucluse)
Vendôme (Loir-et-Cher)
Vendunis (Belgique)
Venise (Italie)
Verdun (Meuse)
Vérone (Italie)
Vienne (Isère)
Vienne, Saint-Maurice (Isère)
Visé (Belgique)
Walacarius (monétaire)
Wurzbourg (Allemagne)
Zurich (Suisse)
